[urgence-chretiens.oeuvre-orient.fr/index.html]
[backblue.gif]
[fade.gif]
[index.html]
[urgence-chretiens.oeuvre-orient.fr/favicon/apple-icon-57x57.png]
[urgence-chretiens.oeuvre-orient.fr/favicon/apple-icon-60x60.png]
[urgence-chretiens.oeuvre-orient.fr/favicon/apple-icon-72x72.png]
[urgence-chretiens.oeuvre-orient.fr/favicon/apple-icon-76x76.png]
[urgence-chretiens.oeuvre-orient.fr/favicon/apple-icon-114x114.png]
[urgence-chretiens.oeuvre-orient.fr/favicon/apple-icon-120x120.png]
[urgence-chretiens.oeuvre-orient.fr/favicon/apple-icon-144x144.png]
[urgence-chretiens.oeuvre-orient.fr/favicon/apple-icon-152x152.png]
[urgence-chretiens.oeuvre-orient.fr/favicon/apple-icon-180x180.png]
[urgence-chretiens.oeuvre-orient.fr/favicon/android-icon-192x192.png]
[urgence-chretiens.oeuvre-orient.fr/favicon/favicon-32x32.png]
[urgence-chretiens.oeuvre-orient.fr/favicon/favicon-96x96.png]
[urgence-chretiens.oeuvre-orient.fr/favicon/favicon-16x16.png]
[oeuvre-orient.fr/wp-content/themes/oeuvre_orient/lib/tarteaucitron/tarteaucitron.js]
[urgence-chretiens.oeuvre-orient.fr/index.html]
[connect.facebook.net/en_US/fbevents.js]
[connect.facebook.net/en_US/fbevents.js]
[urgence-chretiens.oeuvre-orient.fr/c.html]
[urgence-chretiens.oeuvre-orient.fr/b.html]
[urgence-chretiens.oeuvre-orient.fr/POST.html]
